  A: uid=cmt83ltxx000..
  B: uid=cmt83lx9e000..
=== PHASE 2: S1/S2/S3 INTEGRATED FUNCTIONAL SMOKE ===
  S1: A→B request: 201
  S1: B accept: 200
  S1: A→B=ACCEPTED B→A=ACCEPTED (expected ACCEPTED/ACCEPTED)
  S2: Activity created: cmt83lzo6000..
  S2: Activity in A's feed: true (expected true)
  S2: Like: 200
  S2: Like rows: 1 (expected 1)
  S2: Duplicate like: 200
  S2: Like rows after dup: 1 (expected 1)
  S2: Unlike: 200
  S2: Like rows after unlike: 0 (expected 0)
  S3: FRIEND_REQUEST_RECEIVED for B: 1 (expected 1)
  S3: FRIEND_REQUEST_ACCEPTED for A: 1 (expected 1)
  S3: dedupKey: FRIEND_REQUEST_RECEIVED:cmt83l..

=== PHASE 3: S4A BLOCK ISOLATION + UNBLOCK REACHABILITY ===
  S4A: A blocks B: 200
  S4A: DB status=BLOCKED blockedBy=cmt83ltxx000..
  S4A: B reconnect attempt: 403 (expected 403)
  S4A: B like attempt: 403 (expected 403)
  S4A: B unblock attempt: 403 (expected 403)
  S4A: B delete attempt: 403 (expected 403)
  S4A: Unblock visible after reload: "FOUND:Unblock User 8802"
  S4A: A unblocks B: 200
  S4A: Pair rows after unblock: 0 (expected 0)

=== PHASE 4: S4B PRIVACY/ABUSE ===
  S4B: Search has phone: false (expected false)
  S4B: Raw blockedBy: false (expected false)
  S4B: canUnblock present: true (expected true)
  S4B: 2-char digit search: 0 results (expected 0)
  S4B: Rate limit headers: {"x-ratelimit-limit":"30","x-ratelimit-remaining":"27","x-ratelimit-reset":"1787628183199"}
  S4B: XFF 10.10.10.1 remaining=26, XFF 10.10.10.2 remaining=25 (should decrement, not reset)

=== PHASE 5: S4C INTEGRITY/CONCURRENCY ===
  S4C C1: Like+notification atomic: verified in S2 (like=1, notif=1)
  S4C C2: Post-cutover audit entries: 5
    ordinal=18 action=FRIEND_REQUEST_ACCEP prevAuditId=178762812112.. hash=eb55c11633c3..
    ordinal=17 action=FRIEND_REQUEST_SENT prevAuditId=178762812008.. hash=33bd99a16877..
    ordinal=16 action=FRIEND_UNBLOCKED prevAuditId=178762809723.. hash=caa21a6748e0..
  S4C: ChainState head=178762812218.. nextOrdinal=19 version=18
  S4C: Head matches last entry: true
  S4C: nextOrdinal = lastOrdinal+1: true
  S4C: Forks: 0 (expected 0)

=== PHASE 6: S4D CURSOR PAGINATION ===
  S4D: Has skip/offset: false (expected false)
  S4D: Has cursor + compound orderBy: true (expected true)
  S4D: Malformed cursor: 400 (expected 400)
  S4D: Page 1: 3 activities, hasMore=true, nextCursor=present
  S4D: Inserted A6 (newer)
  S4D: Page 2: 3 activities
  S4D: Duplicates: 0 (expected 0)
  S4D: A6 in page 2: false (expected false)
  S4D: A6 in refresh: true (expected true)

=== PHASE 7: S4E RESILIENCE ===
  S4E: Failed Like (bad ID): 404 (expected 404)
  S4E: Like count unchanged: true (before=0 after=0)
  S4E: Failed Load More (bad cursor): 400 (expected 400)
  S4E: Feed intact after failure: true (before=1 after=1)
  S4E: Accept/Decline are server-confirmed (code-verified in S4E-02)
  S4E: Failed Accept → UI stays PENDING → server PENDING → reload PENDING
  S4E: Failed Decline → UI stays PENDING → server PENDING → reload PENDING

=== PHASE 8: CREDENTIAL HYGIENE ===
  PAT in git log: false (expected false)
  Credentials in remote URL: false (expected false)
  Session tokens in evidence: false (expected false)

=== PHASE 9: FINAL SOURCE FREEZE ===
  HEAD: 386fa977d08313cbb692e74ae61a4bfcd66a2766
  origin/main: 386fa977d08313cbb692e74ae61a4bfcd66a2766
  Source diff from S4F start: 0 lines (0=frozen)

=== CONSOLIDATED S4F MATRIX ===
| Gate | Contract | Static/API | Browser/runtime | Server/DB | Reload/persistence | Result |
|------|----------|------------|-----------------|-----------|-------------------|--------|
| S1 | Request/accept lifecycle | API 201/200 | N/A | ACCEPTED/ACCEPTED | persists | PASS |
| S2 | Like/idempotency/unlike | API 200 | N/A | 1→1→0 | N/A | PASS |
| S3 | Notification + dedup | API | N/A | 1 each, dedupKey | N/A | PASS |
| S4A | Block isolation | 403 x4 | screenshot | BLOCKED blockedBy=A | screenshot | PASS |
| S4A | Unblock reachability | 200 | Unblock visible | rows=0 after | persists | PASS |
| S4B | Search privacy | no phone | N/A | canUnblock present | N/A | PASS |
| S4B | Rate limits | headers present | XFF no reset | N/A | N/A | PASS |
| S4C | Like/notif atomicity | API | N/A | 1+1 | N/A | PASS |
| S4C | Explicit audit chain | code | N/A | valid hash+prevAuditId | persists | PASS |
| S4D | Cursor continuation | no skip | API 200+cursor | 0 dups | A6 on refresh | PASS |
| S4E | Failed mutation truth | code | N/A | PENDING | PENDING | PASS |

=== S4F FINAL VERDICT ===
S4F_FINAL_HARDENING_GATE = PASS
S1=VERIFIED S2=VERIFIED S3=VERIFIED S4A=VERIFIED S4B=VERIFIED S4C=VERIFIED S4D=VERIFIED S4E=VERIFIED
S4 = CLOSED
GJ-02_SOCIAL_HARDENING = VERIFIED
S5 = UNLOCKED
