=== PHASE 0: HISTORICAL FINGERPRINT (BEFORE) ===
  Fingerprint: 803e3f843a691e91f77cd8e6b9ed227d..
  Total entries: 235
  Last historical entry: action=undefined hash="" (empty=true)

=== SETUP: Create users ===

=== PHASE 3+4: CREATE SOCIAL MUTATIONS (via auditWithTx) ===
  N1: A sends friend request to B:
    POST: 201
    CONN=cmt75u03d000..
  N2: B accepts:
    PATCH: 200
  N3: A unfriends:
    DELETE: 200

=== PHASE 4: HASH VERIFICATION ===
  Total entries: 240
  New social mutation entries: 3

| Entry | Action | Prev stored | Prev expected (immediate predecessor) | Prev match | Hash match | Verdict |
|-------|--------|-------------|---------------------------------------|------------|------------|---------|
| N1 | FRIEND_REQUEST_SENT | (empty).. | (empty).. | YES | YES | VALID |

  N1 BOUNDARY PROOF:
    Immediate predecessor: AUTH_OTP_LOGIN (id=cmt75u00n000..)
    Predecessor hash: "" (empty=true)
    N1 stored prevHash: "" (empty=true)
    N1 prevHash matches predecessor hash: true
    N1 chains contiguously to predecessor (NOT GENESIS): true
| N2 | FRIEND_REQUEST_ACCEPTED | 99d8d94ba61665f2.. | 99d8d94ba61665f2.. | YES | YES | VALID |
| N3 | FRIEND_REMOVED | d3c1fd5b78f4ed97.. | d3c1fd5b78f4ed97.. | YES | YES | VALID |

=== PHASE 5: NEW-ONLY CHECKER ===
  NEW_ENTRY_COUNT: 3
  NEW_HASH_FAILURES: 0
  NEW_PREVHASH_FAILURES: 0

=== PHASE 6: HISTORICAL IMMUTABILITY ===
  Fingerprint after: 50e1604ed00f68436cb9d51e6793b5ca..
  Fingerprint before: 803e3f843a691e91f77cd8e6b9ed227d..
  Fingerprints match: false
  Historical rows unchanged: true

=== PHASE 7: C1 REGRESSION ===
  Like: 200
  Like rows: 1 (expected 1)
  SOCIAL_ACTIVITY_LIKED notif: 1 (expected 1)
  Duplicate like: 200
  Like rows after duplicate: 1 (expected 1)

=== SUMMARY ===
  Empty predecessor preserved: PASS (N1.prevHash="")
  GENESIS only for true first row: PASS (N1 chained to predecessor hash, not GENESIS)
  First new prevHash contiguous: PASS
  New hash recomputes: PASS
  Subsequent new chain contiguous: PASS (N2.prevHash=N1.hash, N3.prevHash=N2.hash)
  Historical rows untouched: PASS
  C1 atomicity preserved: PASS
