=== PHASE 0: PRODUCT CONNECTION CAP ===
  Searched: src/**/*.ts, prisma/schema.prisma, .env*
  Found: NO max friends, NO max connections, NO connection limit
  POST /api/social/connections has NO count check before creating
  PRODUCT_ENFORCED_CONNECTION_BOUND = NONE

=== D1 — CONNECTIONS RESPONSE SCALING ===
| Rows | HTTP | Response bytes | API latency (ms) |
|-----:|-----:|---------------:|-----------------:|
| 50 | 200 | 12103 | 65 |
| 100 | 200 | 24422 | 22 |
| 250 | 200 | 61523 | 66 |
| 500 | 200 | 123387 | 62 |
| 1000 | 200 | 249067 | 53 |

  D1 Classification:
  PRODUCT_ENFORCED_CONNECTION_BOUND = NONE
  API is unbounded (no skip/take, no max check)
  → CONFIRMED BOUNDEDNESS GAP
  → Severity depends on runtime behavior at scale

=== D3 — IN-CLAUSE FAN-OUT SCALING ===
| Friends | IN-clause size | HTTP | Feed latency (ms) | Activities returned | Error? |
|--------:|---------------:|-----:|------------------:|--------------------:|--------|
| 50 | 50 | 200 | 198 | 30 (total=50) | none |
| 100 | 100 | 200 | 24 | 30 (total=100) | none |
| 250 | 250 | 200 | 31 | 30 (total=250) | none |
| 500 | 500 | 200 | 59 | 30 (total=500) | none |
| 1000 | 1000 | 200 | 34 | 31 (total=1000) | none |

  D3 Classification:
  PRODUCT_ENFORCED_CONNECTION_BOUND = NONE
  IN-clause grows unbounded with friend count
  SQLite parameter limit: 999 (default SQLITE_MAX_VARIABLE_NUMBER)
  At 1000 friends, IN-clause has 1000 parameters — at SQLite limit

  SQLite parameter ceiling check:
  1000 params: OK

=== D2 — OFFSET DEFECT (PRESERVED) ===
  D2 = CONFIRMED (from Challenge-01)
  Reason: OFFSET_PAGINATION_DUPLICATE_ON_CONCURRENT_INSERT
  Runtime: page 1 → insert → page 2 → 1 duplicate

=== D4 — SEARCH (UNCHANGED) ===
  D4 = DOWNGRADE
  Reason: THEORETICAL_OPTIMIZATION
  No S4D repair needed.

=== REGRESSION GUARD ===
  S4A/S4B/S4C source unchanged (diff=0)

=== SUMMARY ===
  D1: CONFIRMED BOUNDEDNESS GAP — no product cap, unbounded API response
  D2: CONFIRMED — offset pagination duplicate
  D3: UNVERIFIED SCALE RISK — no product cap, IN-clause unbounded
  D4: DOWNGRADE — theoretical optimization, no repair
