  A: uid=cmt7kkiy1000..
  B: uid=cmt7kkm64000..
Setup: 35 FRIENDS activities created (via DB for speed)

=== TEST A: INITIAL FEED + RELOAD ===
  API: status=200 count=30 hasMore=true nextCursor=present
  DOM: 60 refs, Screenshot: A1-initial.png
  Reload API: status=200 count=30
  Reload DOM: 60 refs, Screenshot: A2-after-reload.png
  Reload persistence: PASS

=== TEST B: LOAD MORE ===
  DOM before: 60 refs
  Interaction: "CLICKED"
  API (cursor): status=200 hasCursor=true hasPage=false hasSkip=false count=5
  DOM after: 70 refs
  Screenshot: B1-after-load-more.png
  Page 1 IDs: 30, Page 2 IDs: 5
  Duplicates: 0
  New IDs: 5
  Reload API: count=30 (fresh first page)
  Reload DOM: 60 refs, Screenshot: B2-after-reload.png

=== TEST C: SAME-TIMESTAMP ===
  6 activities, same createdAt=1787596120088
  Page 1: status=200 count=3 ids=["d6-st-178759","d6-st-178759","d6-st-178759"]
  Page 2: status=200 count=3 ids=["d6-st-178759","d6-st-178759","d6-st-178759"]
  Union: 1 (expected 6), Intersection: 3 (expected 0)

=== TEST D: PAGE-2 LIKE ===
  Target: D6-Like-3 (page 2)
  API likeCount: 1, likedByMe: true
  DOM: D6-Like-3 on page 2: "FOUND"
  Reload: D6-Like-3 persists: "FOUND"
  Reload persistence: FAIL

=== DURABLE ARTIFACTS ===
  network.jsonl: 10 entries
  dom-snapshots.jsonl: 11 entries
  screenshots: 9 files

=== COMPLETE ===
