=============================================================================
SETUP — Fresh A/B users for C3/C4
=============================================================================
  A: OTP send FAILED
  B: OTP send FAILED
  C: OTP send FAILED
  D: OTP send FAILED

=============================================================================
C3 — CONNECTION RECIPROCAL INTEGRITY
=============================================================================

  --- C3.1: Fresh request + accept → exactly 2 ACCEPTED rows ---
  A sends request to B:
    POST: 000
  B accepts:
    PATCH: 000

  Final DB state:
    A→B ACCEPTED count: 0
    B→A ACCEPTED count: 0
    Total A↔B rows: 0

  --- C3.2: Repeated ACCEPT (B accepts again — already ACCEPTED) ---
  B tries to ACCEPT again:
    PATCH: 000
    A→B ACCEPTED count (expected 1): 0
    B→A ACCEPTED count (expected 1): 0
    Total A↔B rows (expected 2): 0

  --- C3.3: A tries to accept own request (A is follower, not followee) ---
  A tries to ACCEPT (should 403 — only followee can accept):
    PATCH: 000 (expected 403)

  --- C3.4: Duplicate request after ACCEPT (A sends again) ---
  A sends another request to B (already ACCEPTED):
    POST: 000 (expected 409 conflict)
    Total A↔B rows (expected 2): 0

  --- C3.5: Unfriend (DELETE) → both rows removed ---
  A unfriends B:
    DELETE: 000
    Total A↔B rows (expected 0): 0

  --- C3.6: Block after re-establishing ACCEPTED ---
  Re-establish A→B + accept:
  A blocks B:
    PATCH BLOCK: 000
    A→B status: NONE
    B→A status: NONE
    Total A↔B rows (expected 2): 0

=============================================================================
C4 — CONCURRENCY / IDEMPOTENCY
=============================================================================
  Re-established A↔B ACCEPTED for C4
  A's activity: 
  Notifications for A before C4: 0

  --- C4.1: Double Like (concurrent POST Like from B) ---
  B sends 2 POST Like requests concurrently:
