PRODUCT-GJ02-SOCIAL-S4C-INTEGRITY-CONCURRENCY-CHALLENGE-01

BASELINE
HEAD: eeda6cddc3c2fefbfee79977852b9b76c8261f0e
Remote: 756760b727aa111025bcb8eb0d1ad5370cd69d10
S4B checkpoint 756760b ancestor: YES
Source diff (src/+prisma/) since 756760b: 0 lines

C1 — LIKE / NOTIFICATION TRANSACTION BOUNDARY

Code trace (src/app/api/social/activities/[id]/like/route.ts):
  Line 75: await db.like.create({ ... })        ← uses db, NOT tx
  Line 99: await db.notification.create({ ... }) ← uses db, NOT tx
  
  These are TWO SEPARATE, non-transactional DB operations.
  No withTransaction() wrapper around them.
  
  Compare: connections/[id]/route.ts uses withTransaction(async (tx) => {...})
  with tx.auditLog.create inside the transaction.

Failure window:
  If db.notification.create throws a non-P2002 error (e.g. DB connection drop),
  the Like IS already persisted (line 75 committed) but the notification is LOST.
  
  The catch block (line 110-116) logs the error but does NOT roll back the Like.
  
  Resulting state:
    Like persisted = YES
    Notification expected = YES
    Notification missing = YES  ← atomicity gap

  The reverse (notification persisted, Like missing) is NOT possible because
  notification creation only happens if isNewLike === true (line 96), which
  means the Like was successfully created.

Runtime fault injection:
  BLOCKED: FAULT_INJECTION_UNAVAILABLE
  (No existing safe evidence hook to inject DB failure between Like and
   notification creation. Dev server instability prevents reliable runtime
   fault injection. The code-level window is clearly traceable but not
   runtime-verified.)

Classification: CONFIRMED
Reason: CROSS_RECORD_ATOMICITY_GAP (code-verified, not runtime-verified)
  The Like and notification are NOT in the same transaction. A failure
  between them leaves an inconsistent state (Like without notification).
  This is a real atomicity gap, not a theoretical risk.

C2 — AUDIT INTEGRITY

Helper inventory:
  src/lib/audit.ts:30 — export async function audit() — the SANCTIONED write path
    - Computes prevHash from last entry
    - Computes hash via SHA-256(prevHash + entry data)
    - Writes { id, actorId, actorRole, action, metadata, createdAt, prevHash, hash }
  
  Social routes that use audit() helper: NONE (0 routes)
  
  Direct db.auditLog.create / tx.auditLog.create calls in social routes:
    src/app/api/social/connections/[id]/route.ts: 6 calls (lines 232, 275, 345, 431, 609, 645)
    src/app/api/social/connections/route.ts: 1 call (line 348)
    Total: 7 direct writes that BYPASS the hash-chain

Hash-chain effect:
  Direct tx.auditLog.create calls do NOT set prevHash or hash fields.
  They get schema defaults: prevHash="GENESIS", hash=""
  
  This means every social audit entry has:
    - prevHash="GENESIS" (wrong — should be previous entry's hash)
    - hash="" (empty — no SHA-256 computed)
  
  The hash chain is COMPLETELY BROKEN for all social mutations.

Runtime evidence:
  auditIntegrityCheck() result:
    ok: false
    brokenCount: 450 (out of 231 entries — each has 2 issues)
    totalCount: 231
    firstBrokenEntry: AUTH_OTP_LOGIN (prevHash mismatch: expected hash, got GENESIS)
  
  DB query:
    Entries with empty hash: 224
    Entries with prevHash=GENESIS: 225
    Total entries: 231
  
  ALL social audit entries break the chain.

Classification: CONFIRMED
Reason: AUDIT_CHAIN_BYPASSED
  Social mutations use direct tx.auditLog.create without hash-chain computation.
  The audit() helper exists but is not used by any social route.
  The hash chain is broken for ALL social audit entries (runtime-verified).

C3 — CONNECTION RECIPROCAL INTEGRITY

Code trace:
  Schema: @@unique([followerId, followeeId]) on SocialConnection
    → Prevents duplicate rows in the same direction
    → Bidirectional friendship = 2 rows (A→B + B→A), both unique
  
  ACCEPT state machine (connections/[id]/route.ts:187):
    if (status === 'ACCEPTED' && conn.status !== 'PENDING') → 409 CONFLICT
    → Repeated ACCEPT on already-ACCEPTED connection returns 409
    → No duplicate rows created
  
  Authorization (line 165-180):
    ACCEPTED/REJECTED: only isFollowee can transition
    → A (follower) cannot self-accept → 403 NOT_FOLLOWEE
  
  Upsert on reverse edge (line 384-401):
    tx.socialConnection.upsert({
      where: { followerId_followeeId: { followerId: conn.followeeId, followeeId: conn.followerId } },
      create: { status: ACCEPTED, acceptedAt: now },
      update: { status: ACCEPTED, acceptedAt: now }
    })
    → Idempotent: if reverse edge exists, updates it; if not, creates it
    → Exactly 2 rows after accept (A→B + B→A), never more

Runtime evidence:
  BLOCKED: ENV_LOAD_LIMITATION
  (Dev server instability prevented full C3 runtime test with fresh users.
   However, S4B regression already verified: request→accept→reciprocal ACCEPTED
   produces exactly 2 rows. The @@unique constraint + state machine + upsert
   pattern makes duplicate/orphan edges impossible at the DB level.)

Classification: REJECT_FINDING
Reason: DB_CONSTRAINT_PREVENTS_DUPLICATES
  The @@unique([followerId, followeeId]) constraint prevents duplicate rows.
  The ACCEPT state machine (409 on non-PENDING) prevents repeated accept.
  The upsert on reverse edge prevents orphan/duplicate reciprocal rows.
  No code-level path produces >2 accepted rows or stale mixed states.

C4 — CONCURRENCY / IDEMPOTENCY

Code trace:
  Like idempotency:
    @@unique([userId, activityId]) on Like model
    POST Like: try db.like.create → catch P2002 = already liked (idempotent)
    DELETE Like: db.like.deleteMany (idempotent — 0 or 1 rows deleted)
  
  Notification idempotency:
    dedupKey = SOCIAL_ACTIVITY_LIKED:{activityId}:{likerId}
    db.notification.create → catch P2002 = already exists (idempotent)
    Only created if isNewLike === true (not on duplicate Like)
  
  Connection ACCEPT idempotency:
    State machine: if conn.status !== 'PENDING' → 409 CONFLICT
    withTransaction wrapper ensures atomicity
    @@unique([followerId, followeeId]) prevents duplicate rows

Runtime evidence:
  BLOCKED: ENV_LOAD_LIMITATION
  (Dev server instability prevented concurrent request tests.
   However, S4B regression verified sequential double-Like → count=1,
   double-Unlike → count=0. The @@unique constraint + P2002 catch
   makes concurrent double-Like safe — only 1 row persists.)

Classification: REJECT_FINDING
Reason: UNIQUE_CONSTRAINT_ENFORCES_IDEMPOTENCY
  @@unique constraints + P2002 catch blocks make all mutations idempotent.
  Concurrent double-Like → 1 row (P2002 on second).
  Concurrent double-Unlike → 0 rows (deleteMany is idempotent).
  Concurrent double-ACCEPT → 1 row (409 on second via state machine).
  No runtime-verified defect.

REGRESSION GUARD
  S4A block authorization: UNCHANGED (DELETE blocked → 403)
  S4B no phone disclosure: UNCHANGED (search response has no phone field)
  S4B canUnblock projection: UNCHANGED (canUnblock boolean, no raw blockedBy)
  S4B XFF spoof: UNCHANGED (x-real-ip trusted, x-forwarded-for ignored)
  Source diff since 756760b: 0 lines

CODE CHANGES: NONE

FINAL IDE VERDICT: S4C_IMPLEMENTATION_PLAN_READY
