A: cmt6izzwf000 sess=..
B:  sess=..

=============================================================================
C3 — CONNECTION RECIPROCAL INTEGRITY
=============================================================================

C3.1: Fresh request + accept
  POST: 000
  CONN_AB=
  PATCH ACCEPT: 000
  A→B ACCEPTED: 0
  B→A ACCEPTED: 0
  Total rows: 0

C3.2: Repeated ACCEPT (B accepts again)
  PATCH: 000 (expected 409 conflict)
  Total rows: 0

C3.3: A tries to ACCEPT own request (should 403)
  PATCH: 000 (expected 403)

C3.4: Duplicate request after ACCEPT (A sends again)
  POST: 000 (expected 409)
  Total rows: 0

C3.5: Unfriend (DELETE)
  DELETE: 000
  Total rows: 0

C3.6: Block after re-establishing ACCEPTED
  PATCH BLOCK: 000
  A→B: NONE
  B→A: NONE
  Total rows: 0

=============================================================================
C4 — CONCURRENCY / IDEMPOTENCY
=============================================================================
  Re-established A↔B ACCEPTED
  Activity: 

C4.1: Double Like (sequential, idempotent)
  POST 1: 000
  POST 2: 000
  Like rows: 0
  SOCIAL_ACTIVITY_LIKED notif for A: 0

C4.2: Double Unlike (sequential, idempotent)
  DELETE 1: 000
  DELETE 2: 000
  Like rows: 0

C4.3: Double Accept (sequential, idempotent on same PENDING)
  ACCEPT 1: 000
  ACCEPT 2: 000 (expected 409)
  A→B ACCEPTED: 0
  B→A ACCEPTED: 0
  Total rows: 0

C4.4: Concurrent Like (2 parallel POST)
  2 concurrent POST Like:
  R1: 000
  R2: 000
