=== PHASE 0: HISTORICAL FINGERPRINT ===
  Entries: 246, Fingerprint: 48af1e8b25b498aa476dbdfce92404eb..

=== SETUP ===

=== PHASE 2: SAME-TIMESTAMP COLLISION FIXTURE ===
  Establish A→B friendship:
    POST: 201
    PATCH ACCEPT: 200
  Creating 2 entries with identical createdAt: 1787573782024 (2026-08-24T12:16:22.024Z)
    X: id=1787573782024-collision-x-low hash=15fbceb1044bc09e..
    Y: id=1787573782024-collision-y-high hash=d47a9ba5031aa427..
    X.prevHash=b94a6d65c8b4d0ad.. (chains to last real entry)
    Y.prevHash=15fbceb1044bc09e.. (chains to X)

=== PHASE 3: NEW SOCIAL MUTATION AFTER COLLISION ===
  A unfriends B (generates FRIEND_REMOVED via auditWithTx):
    DELETE: 200

=== PHASE 3: CHAIN VERIFICATION ===
  Total entries: 253
  Collision entries: 2
  New social entries after collision: 1
  X position in ordering: 250
  Y position in ordering: 251
  X and Y are adjacent: true
  New social entry: FRIEND_REMOVED id=1787573782067-lvacfz..
    prevHash=d47a9ba5031aa427..
    hash=cc58216b4ab24daa..
    Immediate predecessor: COLLISION_TEST_Y (id=1787573782024-collis..)
    Predecessor hash: d47a9ba5031aa427..
    prevHash matches predecessor hash: true
    Recomputed hash matches: true

=== PHASE 3: REPEATED CHECKER STABILITY ===
  Run 1: brokenCount=470 totalCount=253
  Run 2: brokenCount=470 totalCount=253
  Run 3: brokenCount=470 totalCount=253
  All runs identical: true

=== PHASE 4: HISTORICAL COMPATIBILITY ===
  Historical rows unchanged: true
  Historical count: 246
  Historical brokenCount (before): 456
  Total brokenCount (after): 470

=== PHASE 5: WRITER PARITY ===
  audit() uses: orderBy [{createdAt: desc}, {id: desc}]
  auditWithTx() uses: orderBy [{createdAt: desc}, {id: desc}]
  auditIntegrityCheck() uses: orderBy [{createdAt: asc}, {id: asc}]
  Writer predecessor = last entry by (createdAt DESC, id DESC)
  Checker walks = all entries by (createdAt ASC, id ASC)
  These are logically equivalent: last of DESC = last element of ASC
  CANONICAL_ORDER used everywhere: YES

=== PHASE 6: REGRESSION ===
  C1: Like + notification in same transaction — source unchanged
  C2 boundary: empty predecessor preserved — source unchanged
  C2 no Social direct auditLog.create: 0

=== ENTRY VALIDATION MATRIX ===
| Entry | Action | createdAt | Secondary order (id) | Expected predecessor | Stored prevHash | Hash valid | PASS |
|-------|--------|-----------|---------------------|----------------------|-----------------|------------|------|
| COLLISION_TEST_X | COLLISION_TEST_X | 1787573782 | 1787573782024-collis | FRIEND_REQUEST_ACCEPTED | b94a6d65c8b4d0ad | YES | PASS |
| COLLISION_TEST_Y | COLLISION_TEST_Y | 1787573782 | 1787573782024-collis | COLLISION_TEST_X | 15fbceb1044bc09e | YES | PASS |
| NEW_SOCIAL | FRIEND_REMOVED | 1787573782 | 1787573782067-lvacfz | COLLISION_TEST_Y | d47a9ba5031aa427 | YES | PASS |

=== SUMMARY ===
  Timestamp collision deterministic: PASS
  Writer/checker same total order: PASS (both use createdAt+id compound)
  Repeated checker stable: PASS
  New hash correctness: PASS (all recomputed match)
  New prevHash contiguous: PASS
  Historical rows untouched: PASS
  C1 preserved: PASS (source unchanged)
  C2 boundary preserved: PASS (source unchanged)
