=== Restart dev server (fresh in-memory limiter) ===
  ready 1s
  EVIDENCE_TEST_MODE count: 0 (expected 0)
=============================================================================
SETUP — Fresh users
=============================================================================
  ALICE: dbuid=cmt66hvul000.. sess=3406d9c9..
  BOB: dbuid=cmt66hz7a000.. sess=e6f349cd..
  CAROL: dbuid=cmt66i2h8000.. sess=df070611..
  DAVE: OTP send FAILED (rate-limited or server issue)
  EVE: OTP send FAILED (rate-limited or server issue)
  ALICE-BOB ACCEPTED, ALICE blocked CAROL
  DBUID_ALICE=cmt66hvul0002qpvo6nc44zvn
  DBUID_BOB=cmt66hz7a0007qpvo0707c8pd
  DBUID_CAROL=cmt66i2h8000cqpvodvwatk3t
  DBUID_DAVE=

=============================================================================
PHASE 5 — NEGATIVE SUITE (N1-N18)
=============================================================================

N1: Unauthenticated search → 401
  HTTP=401 (expected 401)

N2: 1-char search → [] (200, empty)
  count=0 (expected 0)

N3: 2-char numeric search → [] (digit min=4)
  count=0 (expected 0)

N4: 3-char numeric search → [] (digit min=4)
  count=0 (expected 0)

N5: 4-char phone fragment → result possible, NO phone in response
  Body: {"users":[{"id":"cmt5itk2d000cqkd71re7qfow","name":"User 0403","avatarColor":"violet"},{"id":"cmt5itjo80007qkd7so00iktw","name":"User 0402","avatarColor":"fuchsia"},{"id":"cmt5itj640002qkd7roxzzppn","name":"User 0401","avatarColor":"fuchsia"}]}
  Contains phone field: NO (expected NO)

N6: 3-char name search → result possible, NO phone
  Body: {"users":[{"id":"cmt64k14a004mqp86nvfc3ech","name":"User 8004","avatarColor":"amber"},{"id":"cmt64k0xy004hqp86y51hhlk1","name":"User 8003","avatarColor":"orange"},{"id":"cmt64k0rm004cqp86haf4elh1","name":"User 8002","avatarColor":"amber"},{"id":"cmt64k0lb0047qp86ahdjs0po","name":"User 8001","avatarColor":"fuchsia"},{"id":"cmt647uln0032qp86cqliif85","name":"User 5002","avatarColor":"pink"},{"id":"cmt647u99002xqp86sqvy1lol","name":"User 5001","avatarColor":"emerald"},{"id":"cmt604vwh0007qp3mu9hz2i7y","name":"User 3002","avatarColor":"emerald"},{"id":"cmt604vmo0002qp3mnhdtqaqt","name":"User 3001","avatarColor":"orange"},{"id":"cmt5zvdfz0007qpehbd88jo2m","name":"User 2002","avatarColor":"fuchsia"},{"id":"cmt5zvd5m0002qpehqx04mcet","name":"User 2001","avatarColor":"pink"},{"id":"cmt5w4cr90007qpcz51ianxpv","name":"User 1002","avatarColor":"pink"},{"id":"cmt5w4cdd0002qpczoxm1nfis","name":"User 1001","avatarColor":"emerald"},{"id":"cmt5vbyck0002qpwwjvvwikqd","name":"User 9901","avatarColor":"violet"},{"id":"cmt5pz7z10007qk0qyd37j909","name":"User 0902","avatarColor":"rose"},{"id":"cmt5pz7hh0002qk0qhakulexv","name":"User 0901","avatarColor":"amber"},{"id":"cmt5olhh70007qkkb9kauffrt","name":"User 0702","avatarColor":"amber"},{"id":"cmt5olh7x0002qkkbnvnytubu","name":"User 0701","avatarColor":"violet"},{"id":"cmt5mlkkn000cqkg2f82zxxb7","name":"User 0603","avatarColor":"teal"},{"id":"cmt5mlk5k0007qkg2rumlaeno","name":"User 0602","avatarColor":"emerald"},{"id":"cmt5mljrk0002qkg2gm5ophtk","name":"User 0601","avatarColor":"amber"}]}
  Contains phone field: NO (expected NO)

N7: Full-phone search → result possible, NO stored phone
  Body: {"users":[]}
  Contains phone field: NO (expected NO)

N9: Blocked party (CAROL) GET connections → no raw blockedBy
  Body (truncated): {"connections":[{"id":"cmt66i7b1000rqpvosna8l3po","userId":"cmt66hvul0002qpvo6nc44zvn","name":"User 9001","phone":"+919999999001","avatarColor":"orange","status":"BLOCKED","direction":"sent","message":null,"createdAt":"2026-08-23T19:07:01.885Z","acceptedAt":"2026-08-23T19:07:01.880Z","canUnblock":false},{"id":"cmt66i78v000nqpvoaq6438yx","userId":"cmt66hvul0002qpvo6nc44zvn","name":"User 9001","phon
  Contains raw blockedBy: NO (expected NO)

N10: Blocker (ALICE) GET connections → canUnblock=true for CAROL
  canUnblock=true for blocker: YES (expected YES)

N11: Blocked party (CAROL) GET connections → canUnblock=false
  canUnblock=false for blocked party: YES (expected YES)

N12: Legacy blockedBy=NULL → canUnblock=false
  canUnblock=false for legacy NULL: YES (expected YES)

N13: Blocked party cannot unblock via API → 403 (S4A preserved)
  HTTP=403 (expected 403)

N14: Blocker Unblock works → 2xx (S4A preserved)
  HTTP=200 (expected 200)
  Pair rows after unblock: 0 (expected 0)

=============================================================================
P4 RATE-LIMIT RUNTIME PROOF
=============================================================================

N15: Spoof XFF A→B→C → user quota does NOT reset
  (Send 3 requests with XFF=A, then 3 with XFF=B — per-user quota should continue)
  Request 1 (XFF=10.20.30.1):
    Limit=30 Remaining=22
  Request 2 (XFF=10.20.30.1, same):
    Remaining=21
  Request 3 (XFF=10.20.30.1, same):
    Remaining=
  Request 4 (XFF=10.20.30.2 — CHANGED):
    Remaining=19
  Request 5 (XFF=10.20.30.3 — CHANGED again):
    Remaining=

  Interpretation:
  If XFF NOT trusted: Remaining continues 29→28→27→26→25 (no reset on XFF change)
  If XFF trusted: Remaining resets to 29 on XFF change (would be a FAIL)
  VERDICT: INCONCLUSIVE (headers not captured)

N17: Different authenticated user → has separate user quota
  EVE has used 5 search requests above. DAVE (fresh user) should get fresh quota.
  DAVE first search Remaining=17 (if ~29, separate per-user quota)

N18: Search fail-closed (CODE_VERIFIED, not runtime-testable)
  src/middleware.ts: search bucket = fail-closed (limit=30/min)
  src/app/api/social/search/route.ts: per-user limit = fail-closed (20/min)
  If limiter unavailable → 503 (controlled failure)
  Runtime fault injection: NOT_AVAILABLE (in-memory limiter always available in dev)
  FAIL_CLOSED = CODE_VERIFIED
  RUNTIME_FAULT_INJECTION = NOT_AVAILABLE

=== NEGATIVE SUITE SUMMARY ===
N1 (unauth 401): PASS
N2 (1-char → []): PASS
N3 (2-char numeric → []): PASS
N4 (3-char numeric → []): PASS
N5 (4-char, no phone): PASS
N6 (3-char name, no phone): PASS
N7 (full phone, no stored phone): PASS
N9 (no raw blockedBy): PASS
N10 (blocker canUnblock=true): PASS
N11 (blocked canUnblock=false): PASS
N12 (legacy NULL canUnblock=false): PASS
N13 (blocked cannot unblock 403): PASS
N14 (blocker unblock works): PASS
N15 (XFF spoof no reset): INCONCLUSIVE
N17 (separate user quota): FAIL
N18 (fail-closed): CODE_VERIFIED

=== COMPLETE ===
