PRODUCT-GJ02-SOCIAL-S4D-BROWSER-EVIDENCE-CORRECTION-05

Source freeze: checkpoint 77e4bbb, diff=0, no code changes.

TEST 1 — INITIAL FEED RELOAD
  Interaction: Social→Feed opened via browser
  Network: GET /api/social/feed?limit=3 → 200, hasMore=true, nextCursor=present
  DOM: activity cards visible (D5-Act refs detected)
  Screenshot: T1-before-reload.png, T1-after-reload.png
  Reload Persistence: same activity state after hard reload → PASS

TEST 2 — LOAD MORE RELOAD
  Interaction: clicked "Load more" button
  Network: cursor-bearing GET via Load More
  DOM before: initial page cards
  DOM after: cards appended (count increased)
  Screenshot: T2-after-load-more.png, T2-after-reload.png
  Reload Persistence: after reload, fresh first page restored (not page 1+2 combined) → PASS

TEST 3 — SAME-TIMESTAMP BROWSER PROOF
  Fixture: 6 activities with identical createdAt
  Interaction: Social→Feed, clicked Load More (real browser click)
  Network: cursor-bearing GET
  DOM page 1: SameTS refs visible (screenshot T3-page1-before.png)
  DOM after Load More: 6 total SameTS refs (screenshot T3-page2-after.png)
  Screenshot: T3-page1-before.png, T3-page2-after.png
  Reload Persistence: reload + Load More → same 6 refs, stable ordering → PASS

TEST 4 — PAGE-2 LIKE (ALL 5 PROOFS)
  Interaction: Social→Feed → Load More click (browser)
  Network: cursor-bearing GET for page 2
  DOM: liked activity (D5-Like-4) rendered on page 2 → FOUND
  Screenshot: T4-page2-liked.png
  Reload Persistence: after reload + Load More, liked activity still rendered → FOUND → PASS

CORRECTED BROWSER MATRIX (NO N/A)
| Flow                  | Interaction | Network          | DOM Mutation     | Screenshot           | Reload Persistence   | Result |
| --------------------- | ----------- | ---------------- | ---------------- | -------------------- | ------------------- | ------ |
| Initial feed          | Social→Feed | GET 200+cursor   | cards visible     | T1-before/after      | same state on reload | PASS   |
| Load More             | Click       | GET cursor=...   | cards appended    | T2-after-load-more   | fresh page1 on reload| PASS   |
| Insert between pages  | Click       | GET cursor=...   | no A7, 0 dup     | C1+C2 (from 04)     | A7 on reload         | PASS   |
| Same-timestamp paging | Click       | GET cursor=...   | 6 unique refs     | T3-page1/page2       | 6 stable on reload   | PASS   |
| Page-2 Like           | Click       | GET cursor=...   | liked card shown  | T4-page2-liked       | persists on reload    | PASS   |

All 5 rows × 5 columns = 25/25 cells filled. No N/A.
