PRODUCT-GJ02-SOCIAL-S4E-CLIENT-RESILIENCE-CHALLENGE-01

BASELINE
HEAD: dfabdb25923f82db8cf90ad9f69b609e5d152d01
Remote: dfabdb25923f82db8cf90ad9f69b609e5d152d01
S4D checkpoint ancestor: YES
Source diff: 0 (frozen)

E1 — INITIAL LOAD FAILURE AND RECOVERY

Code trace:
  social-store.ts refresh():
    - Sets isLoading=true, error=null
    - Fires Promise.all([connections, feed]) 
    - If connRes.ok → uses data; else pushes error to errors[]
    - If feedRes.ok → uses data; else pushes error to errors[]
    - On success: set({connections, feed, isLoading:false, error: null or partial})
    - On catch: set({isLoading:false, error: message})
    - PARTIAL FAILURE: if one succeeds and other fails, error="Partial failure: feed (500)"
      but the successful data IS set. UI shows error banner + whatever data loaded.

  notification-store.ts refresh():
    - Sets isLoading=true, error=null
    - If !res.ok → throws Error → catch sets isLoading=false, error=message
    - No partial failure path (single request)

  social-screen.tsx FeedPane:
    - loading = isLoading && feed.length === 0 → shows skeleton
    - error banner shown when error && subTab === 'feed'
    - Empty state when feed.length === 0 && !loading
    - No explicit retry button — user must click Refresh or reload

  NotificationBell:
    - isLoading → "Loading..." text
    - No error display in notification list component
    - Error stored in store but NOT rendered in UI

Classification:
  E1 Feed load failure: DOWNGRADE — RECOVERY_REQUIRES_RELOAD
    Reason: Error banner shown, loading terminates, but no retry button without Refresh/reload
  E1 Connections failure: DOWNGRADE — RECOVERY_REQUIRES_RELOAD
    Reason: Partial failure banner shown, but no in-place retry
  E1 Notifications failure: DOWNGRADE — UX_WEAKNESS
    Reason: Error stored but NOT rendered to user — silent failure if notification fetch fails
    The NotificationList shows "Loading..." then empty "No notifications" without indicating error

E2 — MUTATION FAILURE / OPTIMISTIC ROLLBACK

Code trace:
  Like (social-screen.tsx handleLike):
    - OPTIMISTIC: immediately updates likedByMe + likeCount
    - In-flight guard: if (likingId) return — prevents duplicate
    - On success: reconciles with server truth (data.liked, data.likeCount)
    - On failure: ROLLBACK to wasLiked + oldCount + toast "Could not update like"
    - VERDICT: PASS — optimistic with rollback, in-flight protection, toast feedback

  Unfriend (social-store.ts unfollow):
    - NOT OPTIMISTIC: waits for server response before updating state
    - On success: removes connection from state
    - On failure: throws Error → caught by friends-screen handleUnfriend → toast
    - VERDICT: PASS — server-confirmed, no false success

  Block (friends-screen.tsx handleBlock):
    - NOT OPTIMISTIC: waits for server response
    - On success: toast + await refresh()
    - On failure: toast "Could not block"
    - VERDICT: PASS — server-confirmed, no false success

  Unblock (friends-screen.tsx handleUnblock):
    - NOT OPTIMISTIC: waits for server response
    - On success: toast + await refresh()
    - On failure: toast "Could not unblock"
    - VERDICT: PASS — server-confirmed, no false success

  Accept (social-store.ts acceptRequest):
    - OPTIMISTIC: updates status to ACCEPTED before server confirms
    - On failure: throws Error — but optimistic state NOT rolled back
    - VERDICT: CONFIRMED — OPTIMISTIC_ROLLBACK_FAILURE
    Reason: acceptRequest sets status='ACCEPTED' optimistically (line 204-206),
    but on failure the error is thrown WITHOUT rolling back the state.
    The UI will show 'ACCEPTED' even though the server rejected.
    friends-screen.tsx handleAccept catches the error and shows toast,
    but does NOT call refresh() to restore server truth.

  Decline (social-store.ts declineRequest):
    - OPTIMISTIC: removes connection from list before server confirms
    - On failure: throws Error — but optimistic removal NOT rolled back
    - VERDICT: CONFIRMED — OPTIMISTIC_ROLLBACK_FAILURE
    Reason: declineRequest removes the connection from state (line 225-226),
    but on failure the error is thrown WITHOUT restoring the connection.
    The UI will show the request as declined even though the server rejected.

  Mark notification read (notification-store.ts markAsRead):
    - OPTIMISTIC: decrements unread + marks local
    - On failure: ROLLBACK via get().refresh() — restores server truth
    - VERDICT: PASS — optimistic with refresh-based rollback

  Mark all read (notification-store.ts markAllAsRead):
    - OPTIMISTIC: sets all read + zeros badge
    - On failure: ROLLBACK via get().refresh()
    - VERDICT: PASS — optimistic with refresh-based rollback

E3 — DUPLICATE INTERACTION / IN-FLIGHT PROTECTION

Code trace:
  Like: in-flight guard via likingId state — if (likingId) return
    VERDICT: PASS — single in-flight Like at a time

  Accept/Reject (PendingRequestRow): busy state prevents double-click
    disabled={busy !== null}
    VERDICT: PASS — button disabled during mutation

  Unfriend (FriendRow): busy state prevents double-click
    disabled={busy}
    VERDICT: PASS — button disabled during mutation

  Block/Unblock (FriendRow/BlockedRow): busy state prevents double-click
    disabled={busy}
    VERDICT: PASS — button disabled during mutation

  Send friend request (SearchResultRow): busy state + pendingSentIds set
    disabled={busy} + pendingSentIds prevents re-adding
    VERDICT: PASS — button disabled + pending state tracked

  Load More: loadingMore guard in store — if (state.loadingMore) return
    VERDICT: PASS — prevents double Load More

E4 — STALE RESPONSE / OUT-OF-ORDER RACE

Code trace:
  refresh(): fires Promise.all([connections, feed]) — both awaited
    No request cancellation. If user triggers refresh twice rapidly:
    - First refresh starts
    - Second refresh starts (isLoading already true, but no guard prevents second call)
    - First completes → sets state
    - Second completes → overwrites with potentially stale data
    VERDICT: DOWNGRADE — LOW_IMPACT_TRANSIENT_STATE
    Reason: No request cancellation, but both requests fetch fresh server truth.
    The "stale" response is from seconds ago, not a fundamentally different generation.
    In practice this causes at most a brief flicker, not data corruption.

  loadNextFeedPage(): guarded by loadingMore flag
    VERDICT: PASS — in-flight guard prevents concurrent Load More

  Like: guarded by likingId
    VERDICT: PASS — in-flight guard

E5 — PAGINATION RESILIENCE

Code trace:
  loadNextFeedPage():
    - If !hasMore || !nextCursor || loadingMore → early return (no-op)
    - On failure: loadingMore=false, error set, toast shown
    - Existing feed NOT destroyed on failure (only appends on success)
    - Retry: user clicks Load More again → uses same cursor (truthful)
    VERDICT: PASS

  Refresh during Load More:
    - refresh() replaces entire feed (does not check loadingMore)
    - If Load More is in-flight and refresh completes first:
      Load More's append will use the OLD nextCursor (from before refresh)
      → may append stale/duplicate items
    VERDICT: DOWNGRADE — LOW_IMPACT_TRANSIENT_STATE
    Reason: refresh() does not cancel in-flight loadNextFeedPage. But the store's
    dedup (existingIds filter) prevents duplicates. At worst, some items may be
    appended that were already in the refreshed feed (filtered by dedup → no dup).

E6 — SESSION/AUTH FAILURE

Code trace:
  All social API calls use fetch/csrfFetch without explicit 401 handling
  If session expires mid-session:
    - GET requests return 401 → response.ok=false → error pushed to errors[]
    - Mutations return 401 → response.ok=false → throw Error("Failed (401)")
    - No redirect to login page from social stores
    - UI shows error toast but does not prompt re-authentication
  
  VERDICT: DOWNGRADE — RECOVERY_REQUIRES_RELOAD
    Reason: 401 is handled as a generic error, not as auth-expired. User sees
    error toast but must manually reload to trigger auth redirect.
    No false success — mutations throw on 401. Just not user-friendly recovery.

E7 — ERROR MESSAGE SAFETY

Code trace:
  src/lib/errors.ts withErrorHandler:
    - Known AppError → returns { error: { code, message, traceId, details } }
    - Unknown error → returns { error: { code: 'INTERNAL_ERROR', message: 'An unexpected error occurred. Please retry.', details: { name: err.name } } }
    - console.error logs full error server-side (not exposed to client)
  
  Error response shape: { error: { code, message, traceId, details } }
    - code: UPPERCASE error code (e.g., 'AUTHENTICATION_REQUIRED', 'VALIDATION_ERROR')
    - message: Human-readable, generic (e.g., 'Authentication required', 'Invalid cursor format')
    - traceId: UUID for server-side correlation
    - details: { name: err.name } for INTERNAL_ERROR — exposes Error.name only
  
  Client-side error handling:
    - social-store.ts: body?.error || `Failed (${res.status})` — extracts error message
    - friends-screen.tsx: (e as Error).message — shows thrown Error message
    - social-screen.tsx: toast description uses Error.message
  
  Check for sensitive leakage:
    - No SQL/Prisma details in error responses (generic INTERNAL_ERROR)
    - No stack traces (console.error only, not in response)
    - No session tokens or CSRF tokens
    - No raw block metadata (S4B canUnblock projection only)
    - No phone information (S4B removed from search response)
    - Error.name exposed in details for INTERNAL_ERROR — could leak 'PrismaClientKnownRequestError'
  
  VERDICT: DOWNGRADE — UX_WEAKNESS
    Reason: Error.name in details could leak 'PrismaClientKnownRequestError' for
    unhandled Prisma errors. But social routes catch P2002 explicitly and
    withTransaction wraps in TransactionConflictError. In practice, INTERNAL_ERROR
    is rare and Error.name is a minor diagnostic leak, not a security issue.

E8 — OFFLINE/RECONNECT

Code trace:
  fetch() calls will reject with TypeError on network loss
  social-store.ts refresh() catch: set({isLoading:false, error: 'Failed to fetch' or similar})
  Mutations: throw Error → caught by UI → toast
  
  VERDICT: DOWNGRADE — RECOVERY_REQUIRES_RELOAD
    Reason: Network errors produce generic error messages. Existing feed remains
    visible (not destroyed). Failed mutations show toast. But no automatic retry
    or reconnect indicator. User must manually retry.

E9 — RELOAD AS SERVER-TRUTH ORACLE

For confirmed defects (E2 Accept/Decline):
  Accept: optimistic state shows ACCEPTED, reload would show original PENDING
  Decline: optimistic state shows removed, reload would show original PENDING_RECEIVED
  Both are confirmed rollback failures — reload restores truth, proving the pre-reload state was false.

MANDATORY S4E MATRIX

| Cluster | Scenario                     | UI before | Interaction | Network result | UI after | Server truth | Reload truth | Classification |
| ------- | ---------------------------- | --------- | ----------- | -------------- | -------- | ------------ | ------------ | -------------- |
| E1      | Feed load failure            | empty     | auto-load   | 5xx            | error banner + empty | empty | empty | DOWNGRADE: RECOVERY_REQUIRES_RELOAD |
| E1      | Connections failure          | empty     | auto-load   | 5xx            | partial banner | partial | partial | DOWNGRADE: RECOVERY_REQUIRES_RELOAD |
| E1      | Notifications failure        | empty     | auto-load   | 5xx            | "No notifications" (silent) | empty | empty | DOWNGRADE: UX_WEAKNESS |
| E2      | Like failure                 | liked     | click       | 5xx            | rolled back + toast | unchanged | unchanged | PASS |
| E2      | Unfriend failure             | visible   | click       | 5xx            | unchanged + toast | unchanged | unchanged | PASS |
| E2      | Block failure                | visible   | click       | 5xx            | unchanged + toast | unchanged | unchanged | PASS |
| E2      | Unblock failure              | visible   | click       | 5xx            | unchanged + toast | unchanged | unchanged | PASS |
| E2      | Accept failure               | PENDING   | click       | 5xx            | ACCEPTED (false!) | PENDING | PENDING | CONFIRMED: OPTIMISTIC_ROLLBACK_FAILURE |
| E2      | Decline failure              | PENDING   | click       | 5xx            | removed (false!) | PENDING | PENDING | CONFIRMED: OPTIMISTIC_ROLLBACK_FAILURE |
| E3      | Rapid duplicate mutation     | normal    | double-click| 2x request     | no dup | idempotent | idempotent | PASS |
| E4      | Feed stale response           | loaded    | double-refresh | 2x response | last wins | correct | correct | DOWNGRADE: LOW_IMPACT_TRANSIENT_STATE |
| E4      | Connections stale response    | loaded    | double-refresh | 2x response | last wins | correct | correct | DOWNGRADE: LOW_IMPACT_TRANSIENT_STATE |
| E4      | Notifications stale response  | loaded    | double-refresh | 2x response | last wins | correct | correct | DOWNGRADE: LOW_IMPACT_TRANSIENT_STATE |
| E5      | Load More failure/retry       | loaded    | click       | 5xx            | feed intact + toast | correct | correct | PASS |
| E5      | Load More vs refresh race     | loaded    | both         | 2x response    | dedup prevents dup | correct | correct | DOWNGRADE: LOW_IMPACT_TRANSIENT_STATE |
| E6      | Session rejection            | authed    | any          | 401            | error toast | unchanged | login page | DOWNGRADE: RECOVERY_REQUIRES_RELOAD |
| E8      | Offline mutation/recovery     | loaded    | click        | network error  | toast + feed intact | unchanged | unchanged | DOWNGRADE: RECOVERY_REQUIRES_RELOAD |

CONFIRMED FINDINGS:
  E2-P1: OPTIMISTIC_ROLLBACK_FAILURE — acceptRequest sets status='ACCEPTED' optimistically but does NOT rollback on failure. UI shows ACCEPTED when server still has PENDING.
  E2-P2: OPTIMISTIC_ROLLBACK_FAILURE — declineRequest removes connection optimistically but does NOT restore on failure. UI shows request removed when server still has PENDING.

DOWNGRADED FINDINGS:
  E1: RECOVERY_REQUIRES_RELOAD — error states shown but no in-place retry button
  E1-notif: UX_WEAKNESS — notification errors silently show "No notifications" instead of error
  E4: LOW_IMPACT_TRANSIENT_STATE — no request cancellation but both responses are fresh server truth
  E5: LOW_IMPACT_TRANSIENT_STATE — refresh during Load More doesn't cancel in-flight, but dedup prevents duplicates
  E6: RECOVERY_REQUIRES_RELOAD — 401 handled as generic error, no auth redirect from social
  E7: UX_WEAKNESS — Error.name in INTERNAL_ERROR details could leak Prisma error class name
  E8: RECOVERY_REQUIRES_RELOAD — network errors produce generic messages, manual retry needed

REJECTED/PASS:
  E2 Like: PASS — optimistic with rollback + in-flight guard
  E2 Unfriend/Block/Unblock: PASS — server-confirmed, no false success
  E2 Mark read/Mark all read: PASS — optimistic with refresh-based rollback
  E3 All: PASS — in-flight guards prevent duplicate mutations
  E5 Load More failure: PASS — feed intact, error shown, retry works
  E7: No stack traces, SQL, tokens, or phone in error responses

REGRESSION GUARD:
  S4A Block/Unblock authorization: unchanged (source diff=0)
  S4B phone privacy: unchanged
  S4B canUnblock projection: unchanged
  S4C audit chain: unchanged
  S4D cursor pagination: unchanged
  Same-timestamp pagination: unchanged

CODE CHANGES: NONE

FINAL IDE VERDICT: S4E_IMPLEMENTATION_PLAN_READY
