
=============================================================================
PHASE 0 — BASELINE LOCK
=============================================================================
HEAD:         6515b13d4afccde7fef0bd619013fb036f148302
origin/main:  6515b13d4afccde7fef0bd619013fb036f148302
a78cf5d:      a78cf5da4467...
a35a8df ancestor (backend repair): a35a8df GJ-02 S4A Block Security Repair-02: fix S-01 + S-02 + S-03
d87b11a ancestor (UI repair):      d87b11a S4A Browser Security Closure-03: partial — Block/Unblock UI added, bro
Source diff src/+prisma/ since a78cf5d: 0 lines (expected 0)
Working tree status (src/+prisma/): 0
  (0 = clean)
Dev server: 200 (health)

=============================================================================
PHASE 1 — ISOLATED A/B FIXTURE
=============================================================================
A phone: +919999995001  B phone: +919999995002
Campus: cmt1g6wpi0035rb67he4qotk8  Restaurant: cmt1g6wnj0004rb67aa935q3y (Dosa Den)
  Pre-pair A↔B SocialConnection rows:
2 rows (expected 0)
  API login:
    A: dbuid=cmt61ykoq000.. sess=9a1ea01c.. csrf=265f7ceb..
    B: dbuid=cmt61ykw7000.. sess=fd2cff65.. csrf=044b7973..
  UID_A=cmt61ykoq000lqp86mumxi2oh
  UID_B=cmt61ykw7000qqp861z73s3oz
  A↔B SocialConnection rows (after login):
2 (expected 0)
  A/B test Likes:
0 (expected 0)
  A/B controlled Notifications:
2 (expected 0)
  A sends friend request to B:
    POST status: 409 (expected 201)
    A→B conn id: cmt61yl09000tqp86v0kvbazl
  B accepts:
    PATCH status: 409 (expected 200)
  Pair state after accept:
    A→B: ACCEPTED
    B→A: ACCEPTED
    pair PENDING: 0
    pair BLOCKED: 0
  A creates FRIENDS activity (S4A-Closure09-Secret-Dosa):
    Activity id: cmt623smt001bqp86afsx5asp  visibility: FRIENDS
  A creates PUBLIC positive-control activity (S4A-Closure09-Public-Samosa):
    Activity id: cmt623spb001cqp86en4jtgsw  visibility: PUBLIC
  A's notification baseline: 1 (expected 1 = FRIEND_REQUEST_ACCEPTED)

=============================================================================
PHASE 2 — BROWSER AUTHENTICATION (HARNESS)
=============================================================================
  Auth A:
  --- Browser auth A ---
✓ Cookies cleared
✓ Done
✓ Done
  http://localhost:3000/consumer
