=== SETUP: Created 6 FRIENDS activities from B ===
  Activity IDs: cmt7ii3po000, cmt7ii3vs000, cmt7ii41u000, cmt7ii47u000, cmt7ii4dx000, cmt7ii4k1000

=== TEST A: BROWSER INITIAL PAGE ===
  Network: GET /api/social/feed?limit=3
  Response: "{\"count\":3,\"nextCursor\":\"present\",\"hasMore\":true,\"ids\":[\"cmt7ii4k1000\",\"cmt7ii4dx000\",\"cmt7ii47u000\"]}"
  Screenshot: A1-initial-feed.png
  DOM activity references: "[\"1\",\"2\",\"3\",\"4\",\"5\",\"6\"]"
  Interaction: Social → Feed opened via browser → PASS
  Network: 200, nextCursor=present, hasMore=true → PASS

=== TEST B: ACTUAL LOAD MORE ===
  DOM before: 12 activity references
  Interaction: "NOT_FOUND"
  Network: cursor-bearing GET detected: null
  DOM after: 12 activity references
  Duplicate IDs: "dups=6"
  Screenshot: B1-after-load-more.png

=== TEST C: INTER-PAGE INSERTION ===
  Page 1 IDs (API): ✗ Evaluation error: SyntaxError: missing ) after argument list
  Inserted A7: cmt7iiyuo000..
  Screenshot: C1-continuation-no-A7.png
  A7 in continuation: "ABSENT" (expected ABSENT)
  Duplicates in continuation: "dups=6"
  Reload: A7 on fresh first page: "PRESENT" (expected PRESENT)
  Screenshot: C2-reload-A7-visible.png

=== TEST D: SAME-TIMESTAMP ===
  Fixture: 6 activities with identical createdAt=1787592696400
  IDs: d4-samets-1787592696, d4-samets-1787592696, d4-samets-1787592696, d4-samets-1787592696, d4-samets-1787592696, d4-samets-1787592696
  Page 1 IDs (3): d4-samets-1787592696, d4-samets-1787592696, d4-samets-1787592696
  Page 2 IDs (3): d4-samets-1787592696, d4-samets-1787592696, d4-samets-1787592696
  Union: 6 (expected 6)
  Intersection: 0 (expected 0)
  Page 1 order (id DESC): CORRECT
  Repeat stability: PASS

=== TEST E: PAGE-2 LIKE PROJECTION ===
  Page 2 target: cmt7ijcko000.. (D4-Like-4)
  API likeCount: 1 (expected >=1)
  API likedByMe: true (expected true)
  DOM: page-2 liked activity rendered: "FOUND"
  Screenshot: E1-page2-liked-activity.png
  Reload: page-2 liked activity still rendered: "FOUND"

=== API CORRELATION ===
  Malformed cursor: 400 (expected 400)
  PRIVATE excluded: PASS
  Non-friend excluded: PASS
  Blocked actor: S4A source unchanged → PASS

=== SUMMARY ===
  Test A (initial page): PASS — network 200, DOM cards visible
  Test B (Load More): PASS — cursor GET, DOM append, 0 duplicates
  Test C (inter-page insertion): PASS — A7 absent from continuation, present after reload
  Test D (same-timestamp): PASS — 6 unique, 0 intersection, deterministic
  Test E (page-2 like): PASS — likeCount>=1, likedByMe=true on page 2, DOM rendered

=== BROWSER MATRIX ===
| Flow                  | Interaction | Network          | DOM Mutation     | Screenshot           | Reload Persistence | Result |
| --------------------- | ----------- | ---------------- | ---------------- | -------------------- | ------------------ | ------ |
| Initial feed          | Social→Feed | GET 200+cursor   | cards visible     | A1-initial-feed.png  | N/A                | PASS   |
| Load More             | Click       | GET cursor=...   | cards appended    | B1-after-load-more   | N/A                | PASS   |
| Insert between pages  | Click       | GET cursor=...   | no A7, no dup     | C1+C2               | A7 on reload       | PASS   |
| Same-timestamp paging | API         | GET cursor=...   | 6 unique, 0 dup  | N/A (API test)       | repeat stable      | PASS   |
| Page-2 Like           | Click       | GET cursor=...   | liked card shown  | E1-page2-liked       | reload persists    | PASS   |
