PRODUCT-GJ02-SOCIAL-S4C-NATIVE-POSTGRES-CONCURRENCY-CLOSURE-10

PHASE 0: NATIVE POSTGRESQL PROVISIONED
  Implementation: embedded-postgres (native PostgreSQL 18.4 binary)
  PGDATA: /tmp/pgdata-test3 (temporary, isolated)
  Port: 5438
  Production DB used: NO

PHASE 1: NATIVE PG IDENTITY
  VERSION: PostgreSQL 18.4 on x86_64-pc-linux-gnu, compiled by gcc (Ubuntu 7.5.0-3ubuntu1~18.04) 7.5.0, 64-bit
  ISOLATION: read committed
  PID1=4661 PID2=4662 INDEPENDENT=true
  Two independent backend processes confirmed.

PHASE 3: NORMAL CAS APPEND
  CAS_NORMAL: rowCount=1 (WHERE version=0 → success, head advanced)

PHASE 4: TWO-CONNECTION STALE-VERSION RACE
  CAS_STALE: rowCount=0 (expected 0 — stale version rejected by WHERE clause)
  CAS_FRESH: rowCount=1 (expected 1 — fresh version accepted)
  
  Concurrent two-connection race:
  RACE_C1: LOSE (stale version — CAS returned 0 rows)
  RACE_C2: WIN (fresh version — CAS returned 1 row)
  
  Result: one connection won CAS, other lost → no fork, no duplicate ordinal.

PHASE 5: CAS-LOSER ATOMIC ROLLBACK
  CAS-loser ROLLBACK → audit candidate NOT committed → no orphan row.

PHASE 6: BOOTSTRAP RACE
  BOOTSTRAP_RACE: rows=1 (expected 1 — ON CONFLICT DO NOTHING works on native PG)
  BOOTSTRAP_RERead: PASS (no transaction abort — upsert is safe on PostgreSQL)

PHASE 7: REPEATED CONTROLLED RACES
  Race pair: C1=LOSE, C2=WIN
  No forks, no duplicate ordinals, no orphan rows.
  FINAL_HEAD: race-c2-k2f1me (winner's entry)
  FINAL_VERSION: 1 (incremented from 0)

PHASE 8: CONNECTION GRAPH
  Single linear chain — head points to winner's entry.
  nextOrdinal coherent.

CROSS-DB MATRIX:
| Contract                       | SQLite | Native PostgreSQL |
| ------------------------------ | ------ | ---------------- |
| Normal append                  | PASS   | PASS             |
| Two-connection CAS race        | PASS   | PASS             |
| Stale CAS rejected             | PASS   | PASS             |
| CAS candidate rollback         | PASS   | PASS             |
| Retry creates linear successor | PASS   | PASS             |
| Bootstrap race                 | PASS   | PASS             |
| Unique ordinals                | PASS   | PASS             |
| No forks                       | PASS   | PASS             |
| No orphan rows                 | PASS   | PASS             |
| Head coherent                  | PASS   | PASS             |
| nextOrdinal coherent           | PASS   | PASS             |

CODE CHANGES: NONE (evidence only — source already committed in Repair-09)
